<unknown>:0: error: static subscript 'subscript(_enclosingInstance:wrapped:storage:)' is not available due to missing import of defining module 'Combine'
<unknown>:0: error: static subscript 'subscript(_enclosingInstance:wrapped:storage:)' is not available due to missing import of defining module 'Combine'
<unknown>:0: error: static subscript 'subscript(_enclosingInstance:wrapped:storage:)' is not available due to missing import of defining module 'Combine'
<unknown>:0: error: static subscript 'subscript(_enclosingInstance:wrapped:storage:)' is not available due to missing import of defining module 'Combine'
<unknown>:0: error: static subscript 'subscript(_enclosingInstance:wrapped:storage:)' is not available due to missing import of defining module 'Combine'
<unknown>:0: error: static subscript 'subscript(_enclosingInstance:wrapped:storage:)' is not available due to missing import of defining module 'Combine'
<unknown>:0: error: static subscript 'subscript(_enclosingInstance:wrapped:storage:)' is not available due to missing import of defining module 'Combine'
<unknown>:0: error: static subscript 'subscript(_enclosingInstance:wrapped:storage:)' is not available due to missing import of defining module 'Combine'
<unknown>:0: error: static subscript 'subscript(_enclosingInstance:wrapped:storage:)' is not available due to missing import of defining module 'Combine'
<unknown>:0: error: static subscript 'subscript(_enclosingInstance:wrapped:storage:)' is not available due to missing import of defining module 'Combine'
<unknown>:0: error: static subscript 'subscript(_enclosingInstance:wrapped:storage:)' is not available due to missing import of defining module 'Combine'
<unknown>:0: error: static subscript 'subscript(_enclosingInstance:wrapped:storage:)' is not available due to missing import of defining module 'Combine'
<unknown>:0: error: static subscript 'subscript(_enclosingInstance:wrapped:storage:)' is not available due to missing import of defining module 'Combine'
<unknown>:0: error: static subscript 'subscript(_enclosingInstance:wrapped:storage:)' is not available due to missing import of defining module 'Combine'
<unknown>:0: error: static subscript 'subscript(_enclosingInstance:wrapped:storage:)' is not available due to missing import of defining module 'Combine'
<unknown>:0: error: static subscript 'subscript(_enclosingInstance:wrapped:storage:)' is not available due to missing import of defining module 'Combine'
<unknown>:0: error: static subscript 'subscript(_enclosingInstance:wrapped:storage:)' is not available due to missing import of defining module 'Combine'
<unknown>:0: error: static subscript 'subscript(_enclosingInstance:wrapped:storage:)' is not available due to missing import of defining module 'Combine'
<unknown>:0: error: static subscript 'subscript(_enclosingInstance:wrapped:storage:)' is not available due to missing import of defining module 'Combine'
<unknown>:0: error: static subscript 'subscript(_enclosingInstance:wrapped:storage:)' is not available due to missing import of defining module 'Combine'
<unknown>:0: error: static subscript 'subscript(_enclosingInstance:wrapped:storage:)' is not available due to missing import of defining module 'Combine'
<unknown>:0: error: static subscript 'subscript(_enclosingInstance:wrapped:storage:)' is not available due to missing import of defining module 'Combine'
<unknown>:0: error: static subscript 'subscript(_enclosingInstance:wrapped:storage:)' is not available due to missing import of defining module 'Combine'
<unknown>:0: error: static subscript 'subscript(_enclosingInstance:wrapped:storage:)' is not available due to missing import of defining module 'Combine'
<unknown>:0: error: static subscript 'subscript(_enclosingInstance:wrapped:storage:)' is not available due to missing import of defining module 'Combine'
<unknown>:0: error: static subscript 'subscript(_enclosingInstance:wrapped:storage:)' is not available due to missing import of defining module 'Combine'
<unknown>:0: error: static subscript 'subscript(_enclosingInstance:wrapped:storage:)' is not available due to missing import of defining module 'Combine'
<unknown>:0: error: static subscript 'subscript(_enclosingInstance:wrapped:storage:)' is not available due to missing import of defining module 'Combine'
<unknown>:0: error: static subscript 'subscript(_enclosingInstance:wrapped:storage:)' is not available due to missing import of defining module 'Combine'
<unknown>:0: error: static subscript 'subscript(_enclosingInstance:wrapped:storage:)' is not available due to missing import of defining module 'Combine'
<unknown>:0: error: static subscript 'subscript(_enclosingInstance:wrapped:storage:)' is not available due to missing import of defining module 'Combine'
<unknown>:0: error: static subscript 'subscript(_enclosingInstance:wrapped:storage:)' is not available due to missing import of defining module 'Combine'
<unknown>:0: error: static subscript 'subscript(_enclosingInstance:wrapped:storage:)' is not available due to missing import of defining module 'Combine'
<unknown>:0: error: static subscript 'subscript(_enclosingInstance:wrapped:storage:)' is not available due to missing import of defining module 'Combine'
<unknown>:0: error: static subscript 'subscript(_enclosingInstance:wrapped:storage:)' is not available due to missing import of defining module 'Combine'
<unknown>:0: error: static subscript 'subscript(_enclosingInstance:wrapped:storage:)' is not available due to missing import of defining module 'Combine'
<unknown>:0: error: static subscript 'subscript(_enclosingInstance:wrapped:storage:)' is not available due to missing import of defining module 'Combine'
<unknown>:0: error: static subscript 'subscript(_enclosingInstance:wrapped:storage:)' is not available due to missing import of defining module 'Combine'
<unknown>:0: error: static subscript 'subscript(_enclosingInstance:wrapped:storage:)' is not available due to missing import of defining module 'Combine'
<unknown>:0: error: static subscript 'subscript(_enclosingInstance:wrapped:storage:)' is not available due to missing import of defining module 'Combine'
<unknown>:0: error: static subscript 'subscript(_enclosingInstance:wrapped:storage:)' is not available due to missing import of defining module 'Combine'
<unknown>:0: error: static subscript 'subscript(_enclosingInstance:wrapped:storage:)' is not available due to missing import of defining module 'Combine'
<unknown>:0: error: static subscript 'subscript(_enclosingInstance:wrapped:storage:)' is not available due to missing import of defining module 'Combine'
<unknown>:0: error: static subscript 'subscript(_enclosingInstance:wrapped:storage:)' is not available due to missing import of defining module 'Combine'
<unknown>:0: error: static subscript 'subscript(_enclosingInstance:wrapped:storage:)' is not available due to missing import of defining module 'Combine'
<unknown>:0: error: static subscript 'subscript(_enclosingInstance:wrapped:storage:)' is not available due to missing import of defining module 'Combine'
<unknown>:0: error: static subscript 'subscript(_enclosingInstance:wrapped:storage:)' is not available due to missing import of defining module 'Combine'
<unknown>:0: error: static subscript 'subscript(_enclosingInstance:wrapped:storage:)' is not available due to missing import of defining module 'Combine'
<unknown>:0: error: static subscript 'subscript(_enclosingInstance:wrapped:storage:)' is not available due to missing import of defining module 'Combine'
<unknown>:0: error: static subscript 'subscript(_enclosingInstance:wrapped:storage:)' is not available due to missing import of defining module 'Combine'
<unknown>:0: error: static subscript 'subscript(_enclosingInstance:wrapped:storage:)' is not available due to missing import of defining module 'Combine'
<unknown>:0: error: static subscript 'subscript(_enclosingInstance:wrapped:storage:)' is not available due to missing import of defining module 'Combine'
<unknown>:0: error: static subscript 'subscript(_enclosingInstance:wrapped:storage:)' is not available due to missing import of defining module 'Combine'
<unknown>:0: error: static subscript 'subscript(_enclosingInstance:wrapped:storage:)' is not available due to missing import of defining module 'Combine'
<unknown>:0: error: static subscript 'subscript(_enclosingInstance:wrapped:storage:)' is not available due to missing import of defining module 'Combine'
<unknown>:0: error: static subscript 'subscript(_enclosingInstance:wrapped:storage:)' is not available due to missing import of defining module 'Combine'
<unknown>:0: error: static subscript 'subscript(_enclosingInstance:wrapped:storage:)' is not available due to missing import of defining module 'Combine'
<unknown>:0: error: static subscript 'subscript(_enclosingInstance:wrapped:storage:)' is not available due to missing import of defining module 'Combine'
<unknown>:0: error: static subscript 'subscript(_enclosingInstance:wrapped:storage:)' is not available due to missing import of defining module 'Combine'
<unknown>:0: error: static subscript 'subscript(_enclosingInstance:wrapped:storage:)' is not available due to missing import of defining module 'Combine'
<unknown>:0: error: static subscript 'subscript(_enclosingInstance:wrapped:storage:)' is not available due to missing import of defining module 'Combine'
<unknown>:0: error: static subscript 'subscript(_enclosingInstance:wrapped:storage:)' is not available due to missing import of defining module 'Combine'
<unknown>:0: error: static subscript 'subscript(_enclosingInstance:wrapped:storage:)' is not available due to missing import of defining module 'Combine'
<unknown>:0: error: static subscript 'subscript(_enclosingInstance:wrapped:storage:)' is not available due to missing import of defining module 'Combine'
<unknown>:0: error: static subscript 'subscript(_enclosingInstance:wrapped:storage:)' is not available due to missing import of defining module 'Combine'
<unknown>:0: error: static subscript 'subscript(_enclosingInstance:wrapped:storage:)' is not available due to missing import of defining module 'Combine'
<unknown>:0: error: static subscript 'subscript(_enclosingInstance:wrapped:storage:)' is not available due to missing import of defining module 'Combine'
<unknown>:0: error: static subscript 'subscript(_enclosingInstance:wrapped:storage:)' is not available due to missing import of defining module 'Combine'
<unknown>:0: error: static subscript 'subscript(_enclosingInstance:wrapped:storage:)' is not available due to missing import of defining module 'Combine'
<unknown>:0: error: static subscript 'subscript(_enclosingInstance:wrapped:storage:)' is not available due to missing import of defining module 'Combine'
<unknown>:0: error: static subscript 'subscript(_enclosingInstance:wrapped:storage:)' is not available due to missing import of defining module 'Combine'
<unknown>:0: error: static subscript 'subscript(_enclosingInstance:wrapped:storage:)' is not available due to missing import of defining module 'Combine'
/Users/kaua/Source/XNet/XNet›/Core/XNetUpdater.swift:4:7: error: type 'XNetUpdater' does not conform to protocol 'ObservableObject'
<unknown>:0: error: static subscript 'subscript(_enclosingInstance:wrapped:storage:)' is not available due to missing import of defining module 'Combine'
<unknown>:0: error: static subscript 'subscript(_enclosingInstance:wrapped:storage:)' is not available due to missing import of defining module 'Combine'
<unknown>:0: error: static subscript 'subscript(_enclosingInstance:wrapped:storage:)' is not available due to missing import of defining module 'Combine'
<unknown>:0: error: static subscript 'subscript(_enclosingInstance:wrapped:storage:)' is not available due to missing import of defining module 'Combine'
<unknown>:0: error: static subscript 'subscript(_enclosingInstance:wrapped:storage:)' is not available due to missing import of defining module 'Combine'
<unknown>:0: error: static subscript 'subscript(_enclosingInstance:wrapped:storage:)' is not available due to missing import of defining module 'Combine'
<unknown>:0: error: static subscript 'subscript(_enclosingInstance:wrapped:storage:)' is not available due to missing import of defining module 'Combine'
<unknown>:0: error: static subscript 'subscript(_enclosingInstance:wrapped:storage:)' is not available due to missing import of defining module 'Combine'
<unknown>:0: error: static subscript 'subscript(_enclosingInstance:wrapped:storage:)' is not available due to missing import of defining module 'Combine'
<unknown>:0: error: static subscript 'subscript(_enclosingInstance:wrapped:storage:)' is not available due to missing import of defining module 'Combine'
<unknown>:0: error: static subscript 'subscript(_enclosingInstance:wrapped:storage:)' is not available due to missing import of defining module 'Combine'
<unknown>:0: error: static subscript 'subscript(_enclosingInstance:wrapped:storage:)' is not available due to missing import of defining module 'Combine'
<unknown>:0: error: static subscript 'subscript(_enclosingInstance:wrapped:storage:)' is not available due to missing import of defining module 'Combine'
<unknown>:0: error: static subscript 'subscript(_enclosingInstance:wrapped:storage:)' is not available due to missing import of defining module 'Combine'
<unknown>:0: error: static subscript 'subscript(_enclosingInstance:wrapped:storage:)' is not available due to missing import of defining module 'Combine'
<unknown>:0: error: static subscript 'subscript(_enclosingInstance:wrapped:storage:)' is not available due to missing import of defining module 'Combine'
<unknown>:0: error: static subscript 'subscript(_enclosingInstance:wrapped:storage:)' is not available due to missing import of defining module 'Combine'
<unknown>:0: error: static subscript 'subscript(_enclosingInstance:wrapped:storage:)' is not available due to missing import of defining module 'Combine'
<unknown>:0: error: static subscript 'subscript(_enclosingInstance:wrapped:storage:)' is not available due to missing import of defining module 'Combine'
<unknown>:0: error: static subscript 'subscript(_enclosingInstance:wrapped:storage:)' is not available due to missing import of defining module 'Combine'
<unknown>:0: error: static subscript 'subscript(_enclosingInstance:wrapped:storage:)' is not available due to missing import of defining module 'Combine'
<unknown>:0: error: static subscript 'subscript(_enclosingInstance:wrapped:storage:)' is not available due to missing import of defining module 'Combine'
<unknown>:0: error: static subscript 'subscript(_enclosingInstance:wrapped:storage:)' is not available due to missing import of defining module 'Combine'
<unknown>:0: error: static subscript 'subscript(_enclosingInstance:wrapped:storage:)' is not available due to missing import of defining module 'Combine'
/Users/kaua/Source/XNet/XNet›/Core/XNetUpdater.swift:5:6: error: initializer 'init(wrappedValue:)' is not available due to missing import of defining module 'Combine'
/Users/kaua/Source/XNet/XNet›/Core/XNetUpdater.swift:6:6: error: initializer 'init(wrappedValue:)' is not available due to missing import of defining module 'Combine'
/Users/kaua/Source/XNet/XNet›/Core/XNetUpdater.swift:7:6: error: initializer 'init(wrappedValue:)' is not available due to missing import of defining module 'Combine'
/Users/kaua/Source/XNet/XNet›/Core/XNetUpdater.swift:8:6: error: initializer 'init(wrappedValue:)' is not available due to missing import of defining module 'Combine'
<unknown>:0: error: static subscript 'subscript(_enclosingInstance:wrapped:storage:)' is not available due to missing import of defining module 'Combine'
<unknown>:0: error: static subscript 'subscript(_enclosingInstance:wrapped:storage:)' is not available due to missing import of defining module 'Combine'
<unknown>:0: error: static subscript 'subscript(_enclosingInstance:wrapped:storage:)' is not available due to missing import of defining module 'Combine'
<unknown>:0: error: static subscript 'subscript(_enclosingInstance:wrapped:storage:)' is not available due to missing import of defining module 'Combine'
<unknown>:0: error: static subscript 'subscript(_enclosingInstance:wrapped:storage:)' is not available due to missing import of defining module 'Combine'
<unknown>:0: error: static subscript 'subscript(_enclosingInstance:wrapped:storage:)' is not available due to missing import of defining module 'Combine'
<unknown>:0: error: static subscript 'subscript(_enclosingInstance:wrapped:storage:)' is not available due to missing import of defining module 'Combine'
<unknown>:0: error: static subscript 'subscript(_enclosingInstance:wrapped:storage:)' is not available due to missing import of defining module 'Combine'
<unknown>:0: error: static subscript 'subscript(_enclosingInstance:wrapped:storage:)' is not available due to missing import of defining module 'Combine'
<unknown>:0: error: static subscript 'subscript(_enclosingInstance:wrapped:storage:)' is not available due to missing import of defining module 'Combine'
<unknown>:0: error: static subscript 'subscript(_enclosingInstance:wrapped:storage:)' is not available due to missing import of defining module 'Combine'
<unknown>:0: error: static subscript 'subscript(_enclosingInstance:wrapped:storage:)' is not available due to missing import of defining module 'Combine'
<unknown>:0: error: static subscript 'subscript(_enclosingInstance:wrapped:storage:)' is not available due to missing import of defining module 'Combine'
<unknown>:0: error: static subscript 'subscript(_enclosingInstance:wrapped:storage:)' is not available due to missing import of defining module 'Combine'
<unknown>:0: error: static subscript 'subscript(_enclosingInstance:wrapped:storage:)' is not available due to missing import of defining module 'Combine'
<unknown>:0: error: static subscript 'subscript(_enclosingInstance:wrapped:storage:)' is not available due to missing import of defining module 'Combine'
<unknown>:0: error: static subscript 'subscript(_enclosingInstance:wrapped:storage:)' is not available due to missing import of defining module 'Combine'
<unknown>:0: error: static subscript 'subscript(_enclosingInstance:wrapped:storage:)' is not available due to missing import of defining module 'Combine'
<unknown>:0: error: static subscript 'subscript(_enclosingInstance:wrapped:storage:)' is not available due to missing import of defining module 'Combine'
<unknown>:0: error: static subscript 'subscript(_enclosingInstance:wrapped:storage:)' is not available due to missing import of defining module 'Combine'
<unknown>:0: error: static subscript 'subscript(_enclosingInstance:wrapped:storage:)' is not available due to missing import of defining module 'Combine'
<unknown>:0: error: static subscript 'subscript(_enclosingInstance:wrapped:storage:)' is not available due to missing import of defining module 'Combine'
<unknown>:0: error: static subscript 'subscript(_enclosingInstance:wrapped:storage:)' is not available due to missing import of defining module 'Combine'
<unknown>:0: error: static subscript 'subscript(_enclosingInstance:wrapped:storage:)' is not available due to missing import of defining module 'Combine'
/Users/kaua/Source/XNet/XNet›/App/ContentView.swift:5:30: error: type 'XNetUpdater' does not conform to protocol 'ObservableObject'
